src/application/use_cases/interfaces/user/IGetAllDoctorsForUser.ts(1,10): error TS2724: '"../../../../interfaces/dto/response/user/doctor-details.dto"' has no exported member named 'DoctorListResponseDTO'. Did you mean 'DoctorDetailsResponseDTO'?
src/application/use_cases/user/bookWithWallet.ts(48,7): error TS2353: Object literal may only specify known properties, and 'slot' does not exist in type 'Booking'.
